// 重构日志: 1d6d1bae
// 重构日志: d8e1a8ee
// 重构日志: 06dc31e0
// 重构日志: c0a2a51a
// 重构日志: 9dd516c3
// 重构日志: df5cfa74
// 重构日志: ee252821
// 同步 ID: a5a9611d @ Sat Jul 25 08:27:17 UTC 2026
// 重构日志: eef1c6b7
// 重构日志: 9d741fe3
// 重构日志: fc608444
// 重构日志: 662768ff
// 重构日志: e53e849d
// 重构日志: bba82127
// 同步 ID: bca71d47 @ Thu Jul 30 16:37:16 UTC 2026
// 重构日志: 85ea4dc5
// 同步 ID: e193bf8b @ Fri Jul 31 17:09:56 UTC 2026
// 重构日志: da4e73c8
// 重构日志: 28b92195
// 重构日志: 54ccd067
// 重构日志: 682e4102
// 同步 ID: b4b446d6 @ Fri Aug  7 15:02:27 UTC 2026
